[2025-07-04 00:52:05]
Mensagem de teste
Primeira mensagem
Segunda mensagem
